// Jest Snapshot v1, https://goo.gl/fbAQLP

exports[`App 1`] = `
<DocumentFragment>
  <div
    class="App"
  >
    <div>
      <h1>
        TaniuOp
      </h1>
      <h2>
        Front-end Developer
      </h2>
      <h3>
        Project manager
      </h3>
      <h3>
        Scrum Master
      </h3>
      <h3>
        UI/UX passionate
      </h3>
    </div>
    <p>
      I am a front-end developer specialized in building (occasionally designing) and manage digital experiences. Currently, I’m focused on building web projects with React Js.
    </p>
    <div
      class="iCodeContainer"
    >
      <div
        class="MuiPaper-root MuiPaper-elevation MuiPaper-rounded MuiPaper-elevation1 MuiCard-root card css-11r65g7-MuiPaper-root-MuiCard-root"
      >
        <button
          class="MuiButtonBase-root MuiCardActionArea-root css-b6lsxj-MuiButtonBase-root-MuiCardActionArea-root"
          tabindex="0"
          type="button"
        >
          <div
            class="MuiCardHeader-root css-185gdzj-MuiCardHeader-root"
          >
            <div
              class="MuiCardHeader-content css-1qbkelo-MuiCardHeader-content"
            >
              <span
                class="MuiTypography-root MuiTypography-h5 MuiCardHeader-title css-1qvr50w-MuiTypography-root"
              >
                I code
              </span>
            </div>
          </div>
          <img
            alt="green iguana"
            class="MuiCardMedia-root MuiCardMedia-media MuiCardMedia-img css-o69gx8-MuiCardMedia-root"
            height="140"
            src="https://pbs.twimg.com/profile_images/1471137201287307273/pYRu-pbf_400x400.jpg"
          />
          <div
            class="MuiCardContent-root content css-46bh2p-MuiCardContent-root"
          >
            <div
              class="MuiTypography-root MuiTypography-h6 MuiTypography-gutterBottom css-18k87ye-MuiTypography-root"
            >
              Lorem ipsum dolor sit amet, consectetuer adipiscing elit. 
            </div>
          </div>
          <span
            class="MuiCardActionArea-focusHighlight css-1v2exvi-MuiCardActionArea-focusHighlight"
          />
          <span
            class="MuiTouchRipple-root css-8je8zh-MuiTouchRipple-root"
          />
        </button>
      </div>
      <div
        class="MuiPaper-root MuiPaper-elevation MuiPaper-rounded MuiPaper-elevation1 MuiCard-root card css-11r65g7-MuiPaper-root-MuiCard-root"
      >
        <button
          class="MuiButtonBase-root MuiCardActionArea-root css-b6lsxj-MuiButtonBase-root-MuiCardActionArea-root"
          tabindex="0"
          type="button"
        >
          <div
            class="MuiCardHeader-root css-185gdzj-MuiCardHeader-root"
          >
            <div
              class="MuiCardHeader-content css-1qbkelo-MuiCardHeader-content"
            >
              <span
                class="MuiTypography-root MuiTypography-h5 MuiCardHeader-title css-1qvr50w-MuiTypography-root"
              >
                I Learn
              </span>
            </div>
          </div>
          <img
            alt="green iguana"
            class="MuiCardMedia-root MuiCardMedia-media MuiCardMedia-img css-o69gx8-MuiCardMedia-root"
            height="140"
            src="https://pbs.twimg.com/profile_images/1471137201287307273/pYRu-pbf_400x400.jpg"
          />
          <div
            class="MuiCardContent-root content css-46bh2p-MuiCardContent-root"
          >
            <div
              class="MuiTypography-root MuiTypography-h6 MuiTypography-gutterBottom css-18k87ye-MuiTypography-root"
            >
              Lorem ipsum dolor sit amet, consectetuer adipiscing elit. 
            </div>
          </div>
          <span
            class="MuiCardActionArea-focusHighlight css-1v2exvi-MuiCardActionArea-focusHighlight"
          />
          <span
            class="MuiTouchRipple-root css-8je8zh-MuiTouchRipple-root"
          />
        </button>
      </div>
      <div
        class="MuiPaper-root MuiPaper-elevation MuiPaper-rounded MuiPaper-elevation1 MuiCard-root card css-11r65g7-MuiPaper-root-MuiCard-root"
      >
        <button
          class="MuiButtonBase-root MuiCardActionArea-root css-b6lsxj-MuiButtonBase-root-MuiCardActionArea-root"
          tabindex="0"
          type="button"
        >
          <div
            class="MuiCardHeader-root css-185gdzj-MuiCardHeader-root"
          >
            <div
              class="MuiCardHeader-content css-1qbkelo-MuiCardHeader-content"
            >
              <span
                class="MuiTypography-root MuiTypography-h5 MuiCardHeader-title css-1qvr50w-MuiTypography-root"
              >
                I Think
              </span>
            </div>
          </div>
          <img
            alt="green iguana"
            class="MuiCardMedia-root MuiCardMedia-media MuiCardMedia-img css-o69gx8-MuiCardMedia-root"
            height="140"
            src="https://pbs.twimg.com/profile_images/1471137201287307273/pYRu-pbf_400x400.jpg"
          />
          <div
            class="MuiCardContent-root content css-46bh2p-MuiCardContent-root"
          >
            <div
              class="MuiTypography-root MuiTypography-h6 MuiTypography-gutterBottom css-18k87ye-MuiTypography-root"
            >
              Lorem ipsum dolor sit amet, consectetuer adipiscing elit. 
            </div>
          </div>
          <span
            class="MuiCardActionArea-focusHighlight css-1v2exvi-MuiCardActionArea-focusHighlight"
          />
          <span
            class="MuiTouchRipple-root css-8je8zh-MuiTouchRipple-root"
          />
        </button>
      </div>
      <div
        class="MuiPaper-root MuiPaper-elevation MuiPaper-rounded MuiPaper-elevation1 MuiCard-root card css-11r65g7-MuiPaper-root-MuiCard-root"
      >
        <button
          class="MuiButtonBase-root MuiCardActionArea-root css-b6lsxj-MuiButtonBase-root-MuiCardActionArea-root"
          tabindex="0"
          type="button"
        >
          <div
            class="MuiCardHeader-root css-185gdzj-MuiCardHeader-root"
          >
            <div
              class="MuiCardHeader-content css-1qbkelo-MuiCardHeader-content"
            >
              <span
                class="MuiTypography-root MuiTypography-h5 MuiCardHeader-title css-1qvr50w-MuiTypography-root"
              >
                I Create
              </span>
            </div>
          </div>
          <img
            alt="green iguana"
            class="MuiCardMedia-root MuiCardMedia-media MuiCardMedia-img css-o69gx8-MuiCardMedia-root"
            height="140"
            src="https://pbs.twimg.com/profile_images/1471137201287307273/pYRu-pbf_400x400.jpg"
          />
          <div
            class="MuiCardContent-root content css-46bh2p-MuiCardContent-root"
          >
            <div
              class="MuiTypography-root MuiTypography-h6 MuiTypography-gutterBottom css-18k87ye-MuiTypography-root"
            >
              Lorem ipsum dolor sit amet, consectetuer adipiscing elit. 
            </div>
          </div>
          <span
            class="MuiCardActionArea-focusHighlight css-1v2exvi-MuiCardActionArea-focusHighlight"
          />
          <span
            class="MuiTouchRipple-root css-8je8zh-MuiTouchRipple-root"
          />
        </button>
      </div>
    </div>
  </div>
  <div
    class="Footer"
  >
    <footer>
      <section
        class="footer"
      >
        <p>
          Made with love by TaniuOp
        </p>
      </section>
    </footer>
  </div>
</DocumentFragment>
`;
